(((((PGD158125685,PGD158116247),(PGD158117686,((PGD158118342,PGD158116384),(((PGD158124136,((((PGD158118698,(PGD158114946,PGD158114948)),PGD158115527),(PGD158116633,PGD158120489)),PGD158124818)),((PGD158122080,(((PGD158125478,PGD158122165),((PGD158120953,PGD158114573),(PGD158125428,PGD158124423))),(PGD158117939,PGD158117957))),PGD158125538)),PGD158125577)))),(((PGD158124716,(PGD158115353,PGD158124776)),PGD158115638),(((PGD158125717,(((PGD158116014,(((((PGD158123441,(PGD158118758,(PGD158118958,PGD158121164))),PGD158118594),PGD158122194),PGD158124435),PGD158115071)),PGD158121206),(PGD158125150,PGD158120479))),(PGD158121327,(PGD158124872,PGD158118126))),((PGD158123577,(((((PGD158123447,((((((PGD158115147,PGD158123798),(PGD158122183,((PGD158121948,PGD158125260),PGD158114131))),((PGD158125823,PGD158116921),PGD158124076)),(((((PGD158123435,((PGD158116038,PGD158116496),(PGD158124502,PGD158118148))),(PGD158123386,((PGD158121894,(PGD158115485,PGD158121042)),PGD158118798))),((PGD158120881,(PGD158115539,((((PGD158124433,(((PGD158114418,PGD158123088),(PGD158124116,PGD158115545)),((PGD158124401,(((PGD158123736,PGD158120575),PGD158114117),PGD158114776)),PGD158116348))),(PGD158114768,(PGD158125817,PGD158120535))),PGD158123924),((((PGD158114916,(PGD158124339,PGD158124235)),(PGD158120703,PGD158123850)),PGD158120744),((PGD158125130,PGD158122455),(PGD158117989,PGD158118144)))))),(PGD158116134,(PGD158118885,PGD158121126)))),((PGD158118196,(PGD158116030,PGD158115274)),(PGD158125394,((PGD158117937,PGD158121665),((PGD158122026,(PGD158115288,(((PGD158121769,PGD158114960),PGD158121900),PGD158124616))),PGD158115393))))),((((PGD158121136,PGD158122453),PGD158114922),PGD158118336),(PGD158122338,(PGD158125790,((((PGD158122975,PGD158125154),PGD158122572),PGD158124010),(PGD158123794,(PGD158123108,(((((PGD158124110,PGD158118843),(((PGD158124512,PGD158124439),PGD158114597),PGD158125591)),PGD158120981),(PGD158125482,(PGD158122993,((PGD158117011,PGD158124848),(PGD158114806,((PGD158124522,((PGD158115135,PGD158117612),PGD158117688)),PGD158115523)))))),(PGD158125414,((PGD158115882,PGD158117111),(((PGD158116330,PGD158117274),PGD158114986),(((PGD158125114,PGD158115206),(PGD158120929,PGD158125691)),(PGD158124174,(PGD158124465,(PGD158125014,(PGD158117847,(PGD158121244,PGD158124998)))))))))))))))))),((((((PGD158115099,PGD158122419),((((PGD158123019,PGD158125625),PGD158118664),((((PGD158125060,(PGD158118338,PGD158123724)),((PGD158120587,((((((PGD158121275,PGD158116514),(PGD158115208,PGD158114908)),(PGD158124934,PGD158117139)),PGD158122853),PGD158117913),((PGD158114930,PGD158116923),(PGD158121214,((PGD158120677,PGD158116947),PGD158118472))))),((PGD158124261,PGD158123864),(PGD158115559,(PGD158118156,(((PGD158123471,PGD158115037),(PGD158122857,(PGD158124164,PGD158125068))),PGD158114824)))))),((((PGD158125058,PGD158122463),(PGD158125208,PGD158125815)),PGD158122465),((((PGD158116613,PGD158122244),((((PGD158123824,(PGD158118737,PGD158123880)),(PGD158118672,PGD158125356)),(PGD158114360,PGD158115517)),PGD158123844)),PGD158122873),(PGD158125589,((((PGD158114330,(PGD158116524,PGD158120455)),PGD158116943),PGD158114912),PGD158124303))))),((PGD158120683,((PGD158120377,PGD158122580),PGD158124580)),PGD158116307))),(((PGD158118490,(PGD158116352,PGD158123278)),PGD158118009),(PGD158123579,((((PGD158120551,PGD158118005),PGD158116176),PGD158120633),PGD158117399))))),PGD158116008),((PGD158116951,(((PGD158115266,(((PGD158124243,PGD158124584),PGD158125296),PGD158124630)),(PGD158114581,(PGD158117945,PGD158114942))),(PGD158124409,(((PGD158118966,PGD158118970),PGD158120725),((((PGD158120738,(PGD158114880,(PGD158120857,PGD158121082))),PGD158117535),(PGD158117088,PGD158125184)),(PGD158124788,((PGD158120933,PGD158123858),PGD158125294))))))),((((((PGD158121130,((PGD158124738,(((PGD158121170,PGD158114868),PGD158123190),PGD158117507)),PGD158117001)),PGD158118733),PGD158125018),(PGD158118977,PGD158125264)),PGD158117288),((PGD158125122,PGD158124532),(PGD158123196,PGD158125784))))),PGD158124086),((((PGD158120349,PGD158122169),((PGD158125819,((PGD158124188,PGD158122953),PGD158115369)),PGD158115515)),PGD158114966),((PGD158121054,(PGD158122586,PGD158121279)),(PGD158125633,(PGD158116915,(PGD158122016,((PGD158122346,(PGD158118841,((PGD158115982,((PGD158125655,PGD158116512),PGD158120762)),PGD158119037))),((((((PGD158123392,PGD158118256),PGD158114251),PGD158122473),(PGD158125540,((PGD158118708,PGD158115329),PGD158117529))),(PGD158122477,(PGD158121094,PGD158115014))),PGD158117367))))))))),((PGD158124351,((((PGD158120359,((PGD158120999,PGD158115455),(PGD158117955,(PGD158120657,PGD158116466)))),PGD158124216),PGD158117223),PGD158117608)),(((PGD158117187,PGD158123419),PGD158124684),(((((((((((PGD158118674,PGD158120451),(PGD158115391,(PGD158115395,(PGD158118818,(((PGD158124102,(PGD158122171,((PGD158116712,PGD158116263),PGD158116138))),(((((PGD158124182,(PGD158117714,PGD158114358)),(PGD158117640,PGD158120577)),PGD158122407),PGD158118242),(((((((PGD158115529,PGD158117997),PGD158125753),PGD158125829),PGD158117865),PGD158116619),PGD158121707),(PGD158124198,PGD158114179)))),PGD158125476))))),(((((PGD158120726,PGD158121697),(PGD158118334,PGD158120635)),PGD158118904),(PGD158115029,PGD158117241)),PGD158124632)),((PGD158120645,((PGD158121204,PGD158124134),(PGD158123168,(PGD158120361,PGD158118308)))),PGD158121271)),(PGD158117082,((PGD158121228,PGD158116582),PGD158118688))),(PGD158122843,PGD158124345)),PGD158123816),(PGD158124800,((PGD158124413,((PGD158119052,((((PGD158121291,((PGD158120979,(PGD158123932,PGD158120817)),(PGD158117863,(PGD158115069,PGD158124279)))),PGD158121928),((PGD158115246,((PGD158118482,(PGD158120557,PGD158125554)),((((PGD158121224,PGD158118684),PGD158116207),PGD158122214),((PGD158125202,((PGD158125767,((((PGD158114400,PGD158124972),(PGD158123589,(PGD158115581,PGD158117286))),(PGD158115521,PGD158116197)),PGD158122024)),((((((((((PGD158117065,(PGD158120537,(PGD158124170,PGD158121695))),(PGD158116552,(PGD158124682,(((PGD158117921,PGD158114354),PGD158123437),PGD158124367)))),PGD158122909),(PGD158122945,((PGD158114386,PGD158114852),PGD158117237))),PGD158118920),PGD158115469),((PGD158125432,((((PGD158117855,(PGD158125424,PGD158123637)),(((((PGD158120459,PGD158124656),PGD158122911),PGD158122664),PGD158125466),(PGD158123594,(PGD158115258,PGD158117624)))),(PGD158120545,((PGD158124830,PGD158121882),(PGD158125775,(PGD158118743,PGD158116456))))),(PGD158117051,((((PGD158125380,PGD158123098),(PGD158118760,PGD158125490)),PGD158116450),(((PGD158120829,PGD158122879),(((PGD158121277,(PGD158122167,PGD158124868)),(PGD158121040,(PGD158118216,(PGD158117387,PGD158114828)))),((PGD158118686,PGD158116287),PGD158117015))),((PGD158115047,PGD158123066),PGD158116999)))))),(PGD158116480,((((PGD158124168,PGD158117391),PGD158117527),(PGD158124349,PGD158124206)),((((((PGD158118001,PGD158116374),(PGD158121015,PGD158125839)),PGD158116714),(((PGD158115551,(PGD158119064,PGD158125536)),(PGD158118696,PGD158120605)),PGD158116492)),PGD158124548),PGD158116376))))),PGD158118017),PGD158125036),PGD158123033))),PGD158120861)))),(PGD158122558,((PGD158116939,((((((PGD158114635,PGD158123830),PGD158125798),PGD158124498),PGD158116346),PGD158117539),PGD158115236)),PGD158117827)))),((((PGD158116997,PGD158118198),PGD158125316),(((PGD158125344,((PGD158114974,(((PGD158125442,PGD158123023),PGD158116736),PGD158116909)),PGD158117513)),(PGD158123104,(PGD158117775,PGD158117272))),PGD158116070)),PGD158121168))),(PGD158122437,(PGD158118316,((PGD158124940,(PGD158124914,PGD158118188)),(PGD158120907,(PGD158118494,(PGD158118678,PGD158117282)))))))),((PGD158114832,PGD158118306),PGD158125110)))),(PGD158122096,(PGD158120369,PGD158125292))),((((PGD158118942,PGD158115541),PGD158114978),PGD158122155),((PGD158120843,PGD158120871),(((((((PGD158124431,PGD158124918),PGD158123940),(((((PGD158116350,(PGD158117839,PGD158124096)),PGD158114412),(PGD158125280,PGD158122383)),((((PGD158124752,(PGD158116245,PGD158116615)),PGD158123082),(PGD158115537,PGD158124702)),(((PGD158125673,(((PGD158115363,((PGD158123663,PGD158116490),PGD158120764)),PGD158122666),PGD158118228)),((PGD158118735,(PGD158124654,PGD158119039)),PGD158120491)),(((PGD158122370,PGD158116291),((((PGD158117264,(PGD158116380,PGD158115890)),PGD158114428),PGD158122316),(PGD158125879,(PGD158124878,PGD158118023)))),((((PGD158120667,PGD158122560),PGD158120515),(PGD158118751,(PGD158121132,(PGD158123017,PGD158117588)))),((((PGD158123720,PGD158122364),(PGD158122409,PGD158124514)),(((((PGD158117678,(((PGD158123192,PGD158119118),(((PGD158118702,PGD158118106),PGD158116542),(PGD158118326,(((PGD158118827,(PGD158122366,PGD158116106)),PGD158116929),PGD158125637)))),((PGD158124421,(((PGD158117163,(PGD158116338,PGD158116732)),PGD158120663),PGD158118979)),PGD158125084))),PGD158124990),((PGD158124490,PGD158114456),PGD158123726)),(((((((PGD158123021,(PGD158116406,PGD158121281)),PGD158123854),(PGD158115555,PGD158125534)),((PGD158125270,PGD158122449),PGD158114346)),PGD158115585),(PGD158115908,(PGD158124726,(((PGD158124692,PGD158125072),PGD158123722),(((PGD158123058,((PGD158117013,PGD158123170),(((PGD158114105,PGD158114994),PGD158125042),((PGD158122741,PGD158118700),((PGD158120689,PGD158114858),PGD158122899))))),PGD158120631),PGD158114822))))),PGD158114143)),((((PGD158117991,PGD158120923),PGD158120728),(PGD158122320,(PGD158117233,((((PGD158118428,PGD158117239),((PGD158115355,(PGD158125166,PGD158114906)),PGD158122322)),PGD158124283),(PGD158123625,PGD158115016))))),(((PGD158114440,(PGD158115210,PGD158122332)),((((PGD158121176,PGD158125563),PGD158116474),PGD158118565),(((PGD158123120,PGD158114834),PGD158124796),((PGD158123641,((PGD158124604,PGD158122933),PGD158115457)),(PGD158115194,PGD158114577))))),(PGD158117063,((((PGD158114860,PGD158124774),PGD158123025),((PGD158125530,PGD158116110),((PGD158125310,PGD158122907),((PGD158116963,PGD158121800),((PGD158117736,(PGD158125885,((PGD158118488,(PGD158123848,PGD158124486)),(PGD158125252,(PGD158120865,PGD158117927))))),((PGD158125308,PGD158125528),((PGD158118660,PGD158114850),(PGD158116631,PGD158118754)))))))),((PGD158115952,PGD158125250),(PGD158117771,((PGD158118007,PGD158120719),((((((PGD158120619,PGD158117923),PGD158116414),PGD158116116),PGD158124104),PGD158121798),(PGD158116907,PGD158124371))))))))))),PGD158114587)))))),(PGD158125340,(PGD158121138,(PGD158116611,((PGD158122457,(PGD158115980,(PGD158117931,PGD158121986))),PGD158121924)))))),((PGD158117023,PGD158125004),PGD158124060)),((PGD158120449,(PGD158117999,(((PGD158122588,((PGD158123284,((((PGD158123607,PGD158123194),(PGD158117985,PGD158114253)),PGD158121739),((PGD158122461,(PGD158116935,(PGD158120823,((PGD158124714,PGD158116478),((PGD158114482,PGD158124950),PGD158122459))))),PGD158123503))),(PGD158117025,(PGD158123659,PGD158124441)))),(PGD158122827,(((PGD158114523,PGD158114970),(PGD158117879,(PGD158116776,PGD158118725))),PGD158117897))),(PGD158121062,(PGD158117169,((PGD158124722,PGD158114936),(PGD158125248,(PGD158123828,PGD158125675)))))))),PGD158115149)),((((((PGD158117883,(((((((PGD158115525,PGD158115587),PGD158122865),PGD158124383),PGD158123455),PGD158114900),PGD158121773),PGD158117098)),(PGD158125232,PGD158114589)),((((PGD158116975,PGD158122395),(((PGD158124090,PGD158123846),PGD158115531),PGD158118214)),PGD158122008),(PGD158122088,(((PGD158116390,PGD158114964),(PGD158117149,((PGD158117451,PGD158123870),(PGD158118580,(PGD158124277,(PGD158124118,PGD158115942)))))),PGD158114902)))),PGD158125773),PGD158123629),(PGD158114111,(PGD158116142,PGD158125841)))),(PGD158122248,((PGD158122336,(((PGD158116322,PGD158122086),PGD158118464),PGD158123114)),(((PGD158120925,PGD158125152),(PGD158124736,(PGD158116366,((PGD158117457,(PGD158122306,(PGD158120571,((PGD158118392,PGD158115487),((PGD158123665,(((PGD158118498,PGD158117853),(PGD158123832,PGD158122268)),((((PGD158118224,PGD158122310),(PGD158118776,PGD158115501)),PGD158122078),(PGD158116438,(PGD158123834,PGD158124225))))),(PGD158118292,(PGD158120543,PGD158117718))))))),PGD158125667)))),(((((PGD158125408,PGD158122895),((PGD158116225,((PGD158122546,((PGD158123451,PGD158117734),PGD158125480)),PGD158122775)),(PGD158117987,PGD158117548))),(((PGD158117797,PGD158121755),(PGD158123076,PGD158124648)),PGD158123003)),PGD158121305),((PGD158116166,(PGD158124974,((PGD158115445,((PGD158115335,PGD158116368),PGD158123035)),((((PGD158114472,PGD158117550),((PGD158116024,(((PGD158120799,PGD158115115),((PGD158115940,((PGD158124122,PGD158125378),PGD158125306)),(PGD158120553,PGD158120487))),PGD158124194)),PGD158116574)),(PGD158124343,((PGD158121892,(PGD158120673,(PGD158116726,PGD158120573))),((PGD158116452,(PGD158116181,(PGD158114169,PGD158117823))),(PGD158123788,PGD158115089))))),((((PGD158115557,PGD158120525),(PGD158125126,PGD158123398)),(((PGD158125284,PGD158117357),(((((((PGD158124223,((PGD158125845,PGD158115447),PGD158117907)),(PGD158116486,PGD158118712)),((((PGD158124291,PGD158125779),PGD158122871),PGD158121180),PGD158118019)),PGD158121679),(PGD158115519,PGD158123820)),((PGD158116058,PGD158124237),(((PGD158124241,PGD158115583),PGD158124026),(PGD158124594,(PGD158117708,PGD158121765))))),PGD158121220)),((PGD158124221,(PGD158118186,PGD158116360)),((PGD158117171,(PGD158116080,(((PGD158121285,PGD158120475),PGD158114996),PGD158124357))),((((((PGD158117159,PGD158121994),PGD158120927),PGD158117153),PGD158123132),((PGD158116382,(PGD158122959,(PGD158125887,(PGD158118704,(PGD158114332,(PGD158115449,(PGD158125544,PGD158122179))))))),PGD158118535)),((PGD158121771,PGD158124130),(((((PGD158122989,PGD158123766),(PGD158116959,((PGD158121998,((PGD158124028,PGD158120507),PGD158123511)),(PGD158120853,(((PGD158114466,PGD158123678),(PGD158117419,PGD158125671)),PGD158122032))))),((PGD158118492,(PGD158125901,(PGD158122991,(PGD158118284,PGD158123039)))),PGD158121677)),((PGD158121309,PGD158124526),((PGD158124836,((((PGD158116528,PGD158121134),PGD158116927),(PGD158118015,PGD158120453)),(PGD158125216,(PGD158122161,PGD158123814)))),PGD158120756))),((((PGD158124437,PGD158122381),((((PGD158123694,((PGD158125066,(PGD158117541,(PGD158116901,((PGD158123481,(PGD158123876,PGD158123596)),PGD158124190)))),(PGD158116462,PGD158124259))),(PGD158115988,PGD158122000)),((PGD158120746,PGD158125164),PGD158125420)),((PGD158115105,(PGD158124082,((PGD158117877,PGD158117951),(((((((PGD158122957,PGD158123007),PGD158123780),PGD158117385),PGD158118812),PGD158123092),(PGD158121182,PGD158124178)),((PGD158125796,PGD158118324),PGD158123790))))),PGD158115051))),(((PGD158122875,((PGD158115493,PGD158114137),(PGD158125230,PGD158124044))),(PGD158114898,(PGD158114350,PGD158120637))),(PGD158121715,PGD158116078))),(PGD158123072,((PGD158124347,(((PGD158124952,PGD158125548),((PGD158115109,PGD158116283),PGD158125148)),(PGD158125388,PGD158125186))),(PGD158120623,PGD158123060))))))))))),(PGD158121106,(PGD158125266,((PGD158114241,(((((PGD158116530,PGD158116420),PGD158114135),PGD158121954),(PGD158124022,(((PGD158123567,(PGD158123882,(PGD158117525,PGD158123609))),PGD158123686),(PGD158118304,PGD158123760)))),(((PGD158115505,((PGD158117716,(PGD158115489,PGD158125889)),(((PGD158123384,PGD158122153),PGD158124700),((PGD158115509,PGD158124672),PGD158120565)))),PGD158118294),PGD158125012))),(PGD158122356,((((PGD158120547,PGD158117861),((((PGD158124040,PGD158117873),PGD158115984),PGD158124335),PGD158124592)),(((PGD158114808,(PGD158122314,((PGD158116621,(PGD158125715,PGD158118134)),PGD158116084))),PGD158115483),(((((PGD158124678,(PGD158116985,PGD158120939)),(PGD158114478,PGD158120485)),PGD158124265),PGD158117086),PGD158121884))),(((PGD158125136,PGD158122413),((PGD158124417,(PGD158125038,PGD158115339)),((((((PGD158115535,PGD158117891),PGD158114173),((PGD158121056,PGD158115968),PGD158124666)),PGD158124624),PGD158122897),((((PGD158115990,(((PGD158121956,PGD158123860),(PGD158115589,PGD158120541)),PGD158116911)),PGD158114370),PGD158125697),PGD158125643)))),((((PGD158125242,PGD158125224),PGD158117811),(PGD158116596,PGD158124036)),((((PGD158124443,((PGD158118310,PGD158117821),(((PGD158125370,PGD158120785),PGD158122092),PGD158124217))),(PGD158120415,PGD158121269)),((((PGD158114362,(PGD158114452,PGD158124894)),(((PGD158115569,(PGD158116328,PGD158124882)),(PGD158122562,(PGD158115846,(PGD158124842,PGD158120815)))),((((PGD158114324,PGD158124453),PGD158122192),(PGD158125663,PGD158121802)),(PGD158118274,PGD158124301)))),((PGD158115405,PGD158115222),(PGD158124658,(PGD158122290,((PGD158124397,PGD158125763),PGD158125843))))),(((PGD158118480,PGD158120701),(((PGD158118690,PGD158115129),(((PGD158120433,PGD158121763),PGD158124966),(PGD158116108,PGD158114402))),((PGD158123826,((PGD158116468,(((PGD158123627,(PGD158119046,PGD158116967)),((PGD158116444,PGD158117397),PGD158122963)),PGD158118952)),(PGD158117423,(PGD158118232,((PGD158120931,PGD158123439),PGD158114876))))),(((PGD158124610,(PGD158116229,PGD158123802)),(((PGD158123647,(PGD158124395,(PGD158122397,(PGD158119120,PGD158116255)))),PGD158124650),PGD158115343)),(PGD158114778,PGD158125070))))),(PGD158115567,(PGD158125831,(PGD158122260,PGD158124273)))))),(((((PGD158114670,PGD158125346),PGD158118432),(PGD158116193,PGD158124794)),((PGD158124058,PGD158116034),(PGD158117092,PGD158115974))),PGD158125302)))))))))))))),((PGD158117622,PGD158124080),((((PGD158117859,PGD158116251),((PGD158118160,(((PGD158124838,(PGD158119041,((PGD158117903,(PGD158115179,(PGD158115175,PGD158115177))),PGD158124996))),PGD158116310),(PGD158116219,PGD158125354))),(PGD158125621,PGD158125617))),(PGD158116446,(PGD158121637,(((((((PGD158121317,PGD158124588),(PGD158114561,PGD158114338)),((PGD158114762,PGD158125402),PGD158122224)),PGD158124245),(PGD158118940,(((PGD158124698,(PGD158121667,((PGD158115577,(((PGD158118694,PGD158124870),(PGD158115053,PGD158118745)),(PGD158124231,PGD158125597))),PGD158125735))),PGD158121944),(PGD158121325,(PGD158121749,(PGD158123700,PGD158119685)))))),((PGD158124477,PGD158116708),PGD158122847)),(((PGD158123800,PGD158120740),PGD158123443),PGD158117465))))),((PGD158116426,PGD158120441),(((PGD158124784,PGD158124786),((PGD158114629,PGD158122342),PGD158120879)),((PGD158123429,PGD158125262),PGD158114932)))))))))))))),PGD158125438))))),(((((PGD158125118,PGD158120883),(((PGD158120607,(PGD158120887,(PGD158116460,PGD158124196))),(PGD158118146,((((PGD158116404,PGD158125268),PGD158125206),PGD158115397),PGD158125430))),(PGD158117447,(((PGD158116174,PGD158125350),PGD158120509),(PGD158116905,PGD158116408))))),(((((((((PGD158120885,(PGD158124212,((PGD158124510,PGD158122779),PGD158123872))),PGD158120443),PGD158125410),PGD158124064),PGD158125120),PGD158120760),PGD158115268),((((PGD158115133,PGD158114484),PGD158122969),PGD158114934),((((PGD158125741,PGD158125406),PGD158116945),(((PGD158117133,(PGD158114882,PGD158121017)),(PGD158116710,PGD158117135)),(((PGD158116340,PGD158115453),PGD158123390),((PGD158115549,(PGD158121236,(PGD158116275,PGD158121222))),PGD158118987)))),PGD158124704))),(((PGD158114563,(PGD158125074,PGD158120895)),((PGD158125444,((PGD158123056,PGD158116082),(PGD158122680,PGD158115349))),PGD158114838)),((PGD158120549,((((PGD158115934,PGD158120511),PGD158124740),PGD158122447),PGD158117298)),(PGD158117355,(((PGD158124850,PGD158114591),((PGD158115145,PGD158120909),PGD158118814)),((PGD158124255,PGD158123806),PGD158125827))))))),(PGD158120789,(((((PGD158124455,PGD158124126),(PGD158124790,PGD158125064)),PGD158114940),(((PGD158124084,PGD158114884),(((PGD158124399,PGD158116578),PGD158120758),(PGD158116012,PGD158118478))),((PGD158115200,(PGD158123674,PGD158124391)),PGD158115021))),(((PGD158124293,(PGD158122831,PGD158115630)),(((PGD158121673,((PGD158117175,(PGD158116301,(PGD158124600,PGD158125128))),((((PGD158117584,PGD158116506),((PGD158120533,PGD158123878),PGD158116342)),PGD158124516),PGD158118680))),(((((PGD158117628,PGD158116205),(PGD158120989,PGD158114462)),(PGD158121038,PGD158121759)),(PGD158121021,PGD158122423)),((PGD158123688,(((((PGD158116354,PGD158114115),(PGD158125601,PGD158120611)),(((PGD158114384,PGD158118592),PGD158124520),PGD158121210)),PGD158117869),((PGD158118322,PGD158116336),(PGD158116257,PGD158121743)))),PGD158118571))),(PGD158120601,(PGD158116026,((((PGD158120995,(((PGD158114336,PGD158115571),PGD158123856),PGD158117618)),(PGD158115151,(((PGD158124219,PGD158122973),PGD158122324),PGD158123423))),PGD158115131),PGD158124898))))),PGD158115880)))),((PGD158125833,PGD158116064),PGD158117831))),(((((((((PGD158114924,PGD158120381),PGD158118972),(PGD158117161,PGD158123645)),PGD158117947),((PGD158116442,(((PGD158123655,(PGD158115503,PGD158118829)),PGD158121930),PGD158120991)),PGD158121058)),PGD158124214),PGD158116464),(PGD158116458,((((PGD158125800,(PGD158115256,PGD158120905)),((PGD158117929,PGD158125396),PGD158124449)),PGD158115561),PGD158122829))),PGD158124249)),(((PGD158122318,PGD158117177),PGD158116122),PGD158116903)),((((((PGD158115055,(((PGD158121240,PGD158115491),PGD158116550),PGD158115004)),(((PGD158121940,((PGD158120921,((PGD158115477,PGD158118238),PGD158124586)),(PGD158123118,PGD158114235))),PGD158116536),(((PGD158116114,PGD158114519),PGD158118569),((((PGD158124229,PGD158124880),PGD158114666),PGD158123417),(PGD158121333,((((PGD158120748,PGD158117632),PGD158117630),PGD158124858),(PGD158117744,(PGD158122789,(PGD158116344,(PGD158114161,PGD158116144)))))))))),PGD158124299),((PGD158124046,(PGD158115373,PGD158123433)),PGD158124419)),PGD158114625),(((PGD158120681,((PGD158114569,PGD158118723),PGD158125532)),(PGD158125028,(PGD158122903,PGD158115575))),PGD158120519)))),((PGD158122084,(PGD158117981,PGD158125542)),PGD158124636))))),(PGD158124712,PGD158123998)),PGD158122999,PGD158114103);
